###############################################################################
#
# IAR ELF Linker V7.70.1.11437/W32 for ARM                27/Mar/2018  17:09:41
# Copyright 2007-2016 IAR Systems AB.
#
#    Output file  =  
#        C:\My Project\SVF10\EWARM\SVF10-20170908\Exe\SVF10-20170908.out
#    Map file     =  
#        C:\My Project\SVF10\EWARM\SVF10-20170908\List\SVF10-20170908.map
#    Command line =  
#        "C:\My Project\SVF10\EWARM\SVF10-20170908\Obj\main.o" "C:\My
#        Project\SVF10\EWARM\SVF10-20170908\Obj\startup_stm32f407xx.o" "C:\My
#        Project\SVF10\EWARM\SVF10-20170908\Obj\stm32f4xx_hal.o" "C:\My
#        Project\SVF10\EWARM\SVF10-20170908\Obj\stm32f4xx_hal_cortex.o" "C:\My
#        Project\SVF10\EWARM\SVF10-20170908\Obj\stm32f4xx_hal_dma.o" "C:\My
#        Project\SVF10\EWARM\SVF10-20170908\Obj\stm32f4xx_hal_dma_ex.o" "C:\My
#        Project\SVF10\EWARM\SVF10-20170908\Obj\stm32f4xx_hal_flash.o" "C:\My
#        Project\SVF10\EWARM\SVF10-20170908\Obj\stm32f4xx_hal_flash_ex.o"
#        "C:\My
#        Project\SVF10\EWARM\SVF10-20170908\Obj\stm32f4xx_hal_flash_ramfunc.o"
#        "C:\My Project\SVF10\EWARM\SVF10-20170908\Obj\stm32f4xx_hal_gpio.o"
#        "C:\My Project\SVF10\EWARM\SVF10-20170908\Obj\stm32f4xx_hal_msp.o"
#        "C:\My Project\SVF10\EWARM\SVF10-20170908\Obj\stm32f4xx_hal_pcd.o"
#        "C:\My Project\SVF10\EWARM\SVF10-20170908\Obj\stm32f4xx_hal_pcd_ex.o"
#        "C:\My Project\SVF10\EWARM\SVF10-20170908\Obj\stm32f4xx_hal_pwr.o"
#        "C:\My Project\SVF10\EWARM\SVF10-20170908\Obj\stm32f4xx_hal_pwr_ex.o"
#        "C:\My Project\SVF10\EWARM\SVF10-20170908\Obj\stm32f4xx_hal_rcc.o"
#        "C:\My Project\SVF10\EWARM\SVF10-20170908\Obj\stm32f4xx_hal_rcc_ex.o"
#        "C:\My Project\SVF10\EWARM\SVF10-20170908\Obj\stm32f4xx_hal_spi.o"
#        "C:\My Project\SVF10\EWARM\SVF10-20170908\Obj\stm32f4xx_hal_tim.o"
#        "C:\My Project\SVF10\EWARM\SVF10-20170908\Obj\stm32f4xx_hal_tim_ex.o"
#        "C:\My Project\SVF10\EWARM\SVF10-20170908\Obj\stm32f4xx_hal_uart.o"
#        "C:\My Project\SVF10\EWARM\SVF10-20170908\Obj\stm32f4xx_it.o" "C:\My
#        Project\SVF10\EWARM\SVF10-20170908\Obj\stm32f4xx_ll_usb.o" "C:\My
#        Project\SVF10\EWARM\SVF10-20170908\Obj\svf10_util.o" "C:\My
#        Project\SVF10\EWARM\SVF10-20170908\Obj\system_stm32f4xx.o" "C:\My
#        Project\SVF10\EWARM\SVF10-20170908\Obj\usb_device.o" "C:\My
#        Project\SVF10\EWARM\SVF10-20170908\Obj\usbd_cdc.o" "C:\My
#        Project\SVF10\EWARM\SVF10-20170908\Obj\usbd_cdc_if.o" "C:\My
#        Project\SVF10\EWARM\SVF10-20170908\Obj\usbd_conf.o" "C:\My
#        Project\SVF10\EWARM\SVF10-20170908\Obj\usbd_core.o" "C:\My
#        Project\SVF10\EWARM\SVF10-20170908\Obj\usbd_ctlreq.o" "C:\My
#        Project\SVF10\EWARM\SVF10-20170908\Obj\usbd_desc.o" "C:\My
#        Project\SVF10\EWARM\SVF10-20170908\Obj\usbd_ioreq.o" --redirect
#        _Printf=_PrintfFull --redirect _Scanf=_ScanfFull -o "C:\My
#        Project\SVF10\EWARM\SVF10-20170908\Exe\SVF10-20170908.out" --map
#        "C:\My Project\SVF10\EWARM\SVF10-20170908\List\SVF10-20170908.map"
#        --config "C:\My Project\SVF10\EWARM/stm32f407xx_flash.icf"
#        --semihosting --entry __iar_program_start --vfe
#
###############################################################################

*******************************************************************************
*** RUNTIME MODEL ATTRIBUTES
***

CppFlavor       = *
__Heap_Handler  = DLMalloc
__SystemLibrary = DLib


*******************************************************************************
*** PLACEMENT SUMMARY
***

"A0":  place at 0x08000000 { ro section .intvec };
"P1":  place in [from 0x08000000 to 0x080fffff] { ro };
"P2":  place in [from 0x20000000 to 0x2001ffff] { rw, block CSTACK, block HEAP };
initialize by copy { rw };

  Section             Kind        Address     Size  Object
  -------             ----        -------     ----  ------
"A0":                                        0x188
  .intvec             ro code  0x08000000    0x188  startup_stm32f407xx.o [1]
                             - 0x08000188    0x188

"P1":                                       0x9547
  .text               ro code  0x08000188   0x14f4  dlmalloc.o [3]
  .text               ro code  0x0800167c      0x6  abort.o [3]
  .text               ro code  0x08001684     0x2c  xgetmemchunk.o [3]
  .text               ro code  0x080016b0     0x14  exit.o [6]
  .text               ro code  0x080016c4    0xe5e  svf10_util.o [1]
  .text               ro code  0x08002524    0x582  stm32f4xx_hal_spi.o [1]
  .text               ro code  0x08002aa8    0x1ee  stm32f4xx_hal_gpio.o [1]
  .text               ro code  0x08002c96     0x1e  stm32f4xx_hal.o [1]
  .text               ro code  0x08002cb4     0x4e  FltToDbl.o [4]
  .text               ro code  0x08002d04     0x90  DblToFlt.o [4]
  .text               ro code  0x08002d94    0x1a2  DblMul.o [4]
  .text               ro code  0x08002f38    0x562  stm32f4xx_hal_uart.o [1]
  .text               ro code  0x0800349c    0x100  sqrt.o [4]
  .text               ro code  0x0800359c    0x256  DblDiv.o [4]
  .text               ro code  0x080037f4     0x2c  I32ToDbl.o [4]
  .text               ro code  0x08003820     0xe8  DblAdd.o [4]
  .text               ro code  0x08003908     0x2e  DblCmpGe.o [4]
  .text               ro code  0x08003938    0x180  DblSub.o [4]
  .text               ro code  0x08003ab8    0x118  stm32f4xx_hal_msp.o [1]
  .text               ro code  0x08003bd0      0xc  stm32f4xx_hal.o [1]
  .text               ro code  0x08003bdc     0x24  stm32f4xx_hal_dma.o [1]
  .text               ro code  0x08003c00      0x2  stm32f4xx_hal_uart.o [1]
  .text               ro code  0x08003c02      0x2  stm32f4xx_hal_uart.o [1]
  .text               ro code  0x08003c04      0xc  stm32f4xx_hal_uart.o [1]
  .text               ro code  0x08003c10    0x1d0  stm32f4xx_hal_rcc.o [1]
  .text               ro code  0x08003de0      0xc  iarEdom.o [5]
  .text               ro code  0x08003dec     0xde  stm32f4xx_hal_cortex.o [1]
  .text               ro code  0x08003ecc     0x28  stm32f4xx_hal.o [1]
  .text               ro code  0x08003ef4      0xc  errno.o [3]
  .text               ro code  0x08003f00      0x2  xtls.o [3]
  .text               ro code  0x08003f04    0x910  stm32f4xx_ll_usb.o [1]
  .text               ro code  0x08004814    0x7f0  stm32f4xx_hal_pcd.o [1]
  .text               ro code  0x08005004    0x296  usbd_conf.o [1]
  .text               ro code  0x0800529c     0x76  ABImemcpy_unaligned.o [5]
  .text               ro code  0x08005312    0x26c  usbd_core.o [1]
  .text               ro code  0x08005580    0x546  main.o [1]
  .text               ro code  0x08005ac6     0x4a  stm32f4xx_hal_pcd_ex.o [1]
  .text               ro code  0x08005b10    0x3be  usbd_ctlreq.o [1]
  .text               ro code  0x08005ece     0x62  usbd_ioreq.o [1]
  .text               ro code  0x08005f30     0x34  stm32f4xx_hal.o [1]
  .text               ro code  0x08005f64     0x38  usb_device.o [1]
  .text               ro code  0x08005f9c     0x4c  DblToI32.o [4]
  .text               ro code  0x08005fe8    0x298  stm32f4xx_hal_rcc.o [1]
  .text               ro code  0x08006280    0x21e  usbd_cdc.o [1]
  .text               ro code  0x080064a0     0xb0  usbd_desc.o [1]
  .text               ro code  0x08006550     0x78  lz77_init_single.o [5]
  .text               ro code  0x080065c8     0x60  system_stm32f4xx.o [1]
  .text               ro code  0x08006628     0x44  usbd_cdc_if.o [1]
  .text               ro code  0x0800666c     0x40  zero_init3.o [5]
  .text               ro code  0x080066ac     0x38  stm32f4xx_it.o [1]
  .text               ro code  0x080066e4     0x10  stm32f4xx_hal.o [1]
  .text               ro code  0x080066f4     0x28  data_init.o [5]
  .text               ro code  0x0800671c     0x22  fpinit_M.o [4]
  .iar.init_table     const    0x08006740     0x20  - Linker created -
  .text               ro code  0x08006760     0x1a  cmain.o [5]
  .text               ro code  0x0800677a      0x4  low_level_init.o [3]
  .text               ro code  0x0800677e      0x4  exit.o [3]
  .text               ro code  0x08006784      0xa  cexit.o [5]
  .text               ro code  0x08006790     0x10  startup_stm32f407xx.o [1]
  .text               ro code  0x080067a0      0xc  cstartup_M.o [5]
  .rodata             const    0x080067ac      0x8  system_stm32f4xx.o [1]
  .text               ro code  0x080067b4      0x4  startup_stm32f407xx.o [1]
  .text               ro code  0x080067b8      0x4  startup_stm32f407xx.o [1]
  .text               ro code  0x080067bc      0x4  startup_stm32f407xx.o [1]
  .text               ro code  0x080067c0      0x4  startup_stm32f407xx.o [1]
  .text               ro code  0x080067c4      0x4  startup_stm32f407xx.o [1]
  .text               ro code  0x080067c8      0x4  startup_stm32f407xx.o [1]
  .text               ro code  0x080067cc      0x4  startup_stm32f407xx.o [1]
  .text               ro code  0x080067d0      0x4  startup_stm32f407xx.o [1]
  .text               ro code  0x080067d4      0x4  startup_stm32f407xx.o [1]
  .text               ro code  0x080067d8      0x4  startup_stm32f407xx.o [1]
  .text               ro code  0x080067dc      0x4  startup_stm32f407xx.o [1]
  .text               ro code  0x080067e0      0x4  startup_stm32f407xx.o [1]
  .text               ro code  0x080067e4      0x4  startup_stm32f407xx.o [1]
  .text               ro code  0x080067e8      0x4  startup_stm32f407xx.o [1]
  .text               ro code  0x080067ec      0x4  startup_stm32f407xx.o [1]
  .text               ro code  0x080067f0      0x4  startup_stm32f407xx.o [1]
  .text               ro code  0x080067f4      0x4  startup_stm32f407xx.o [1]
  .text               ro code  0x080067f8      0x4  startup_stm32f407xx.o [1]
  .text               ro code  0x080067fc      0x4  startup_stm32f407xx.o [1]
  .text               ro code  0x08006800      0x4  startup_stm32f407xx.o [1]
  .text               ro code  0x08006804      0x4  startup_stm32f407xx.o [1]
  .text               ro code  0x08006808      0x4  startup_stm32f407xx.o [1]
  .text               ro code  0x0800680c      0x4  startup_stm32f407xx.o [1]
  .text               ro code  0x08006810      0x4  startup_stm32f407xx.o [1]
  .text               ro code  0x08006814      0x4  startup_stm32f407xx.o [1]
  .text               ro code  0x08006818      0x4  startup_stm32f407xx.o [1]
  .text               ro code  0x0800681c      0x4  startup_stm32f407xx.o [1]
  .text               ro code  0x08006820      0x4  startup_stm32f407xx.o [1]
  .text               ro code  0x08006824      0x4  startup_stm32f407xx.o [1]
  .text               ro code  0x08006828      0x4  startup_stm32f407xx.o [1]
  .text               ro code  0x0800682c      0x4  startup_stm32f407xx.o [1]
  .text               ro code  0x08006830      0x4  startup_stm32f407xx.o [1]
  .text               ro code  0x08006834      0x4  startup_stm32f407xx.o [1]
  .text               ro code  0x08006838      0x4  startup_stm32f407xx.o [1]
  .text               ro code  0x0800683c      0x4  startup_stm32f407xx.o [1]
  .text               ro code  0x08006840      0x4  startup_stm32f407xx.o [1]
  .text               ro code  0x08006844      0x4  startup_stm32f407xx.o [1]
  .text               ro code  0x08006848      0x4  startup_stm32f407xx.o [1]
  .text               ro code  0x0800684c      0x4  startup_stm32f407xx.o [1]
  .text               ro code  0x08006850      0x4  startup_stm32f407xx.o [1]
  .text               ro code  0x08006854      0x4  startup_stm32f407xx.o [1]
  .text               ro code  0x08006858      0x4  startup_stm32f407xx.o [1]
  .text               ro code  0x0800685c      0x4  startup_stm32f407xx.o [1]
  .text               ro code  0x08006860      0x4  startup_stm32f407xx.o [1]
  .text               ro code  0x08006864      0x4  startup_stm32f407xx.o [1]
  .text               ro code  0x08006868      0x4  startup_stm32f407xx.o [1]
  .text               ro code  0x0800686c      0x4  startup_stm32f407xx.o [1]
  .text               ro code  0x08006870      0x4  startup_stm32f407xx.o [1]
  .text               ro code  0x08006874      0x4  startup_stm32f407xx.o [1]
  .text               ro code  0x08006878      0x4  startup_stm32f407xx.o [1]
  .text               ro code  0x0800687c      0x4  startup_stm32f407xx.o [1]
  .text               ro code  0x08006880      0x4  startup_stm32f407xx.o [1]
  .text               ro code  0x08006884      0x4  startup_stm32f407xx.o [1]
  .text               ro code  0x08006888      0x4  startup_stm32f407xx.o [1]
  .text               ro code  0x0800688c      0x4  startup_stm32f407xx.o [1]
  .text               ro code  0x08006890      0x4  startup_stm32f407xx.o [1]
  .text               ro code  0x08006894      0x4  startup_stm32f407xx.o [1]
  .text               ro code  0x08006898      0x4  startup_stm32f407xx.o [1]
  .text               ro code  0x0800689c      0x4  startup_stm32f407xx.o [1]
  .text               ro code  0x080068a0      0x4  startup_stm32f407xx.o [1]
  .text               ro code  0x080068a4      0x4  startup_stm32f407xx.o [1]
  .text               ro code  0x080068a8      0x4  startup_stm32f407xx.o [1]
  .text               ro code  0x080068ac      0x4  startup_stm32f407xx.o [1]
  .text               ro code  0x080068b0      0x4  startup_stm32f407xx.o [1]
  .text               ro code  0x080068b4      0x4  startup_stm32f407xx.o [1]
  .text               ro code  0x080068b8      0x4  startup_stm32f407xx.o [1]
  .text               ro code  0x080068bc      0x4  startup_stm32f407xx.o [1]
  .text               ro code  0x080068c0      0x4  startup_stm32f407xx.o [1]
  .text               ro code  0x080068c4      0x4  startup_stm32f407xx.o [1]
  .text               ro code  0x080068c8      0x4  startup_stm32f407xx.o [1]
  .text               ro code  0x080068cc      0x4  startup_stm32f407xx.o [1]
  .text               ro code  0x080068d0      0x4  startup_stm32f407xx.o [1]
  .text               ro code  0x080068d4      0x4  startup_stm32f407xx.o [1]
  .text               ro code  0x080068d8      0x4  startup_stm32f407xx.o [1]
  .text               ro code  0x080068dc      0x4  startup_stm32f407xx.o [1]
  .text               ro code  0x080068e0      0x4  startup_stm32f407xx.o [1]
  .text               ro code  0x080068e4      0x4  startup_stm32f407xx.o [1]
  .text               ro code  0x080068e8      0x4  startup_stm32f407xx.o [1]
  .rodata             const    0x080068ec      0x0  zero_init3.o [5]
  .rodata             const    0x080068ec      0x0  lz77_init_single.o [5]
  Initializer bytes   const    0x080068ec   0x2de3  <for P2-1>
                             - 0x080096cf   0x9547

"P2", part 1 of 3:                         0x1b89a
  P2-1                         0x20000000  0x1b89a  <Init block>
    .data             inited   0x20000000  0x1b73c  main.o [1]
    .data             inited   0x2001b73c      0x4  system_stm32f4xx.o [1]
    .data             inited   0x2001b740      0xc  usbd_cdc.o [1]
    .data             inited   0x2001b74c     0x38  usbd_cdc.o [1]
    .data             inited   0x2001b784     0x44  usbd_cdc.o [1]
    .data             inited   0x2001b7c8     0x44  usbd_cdc.o [1]
    .data             inited   0x2001b80c     0x44  usbd_cdc.o [1]
    .data             inited   0x2001b850     0x10  usbd_cdc_if.o [1]
    .data             inited   0x2001b860     0x1c  usbd_desc.o [1]
    .data             inited   0x2001b87c     0x14  usbd_desc.o [1]
    .data             inited   0x2001b890      0x4  usbd_desc.o [1]
    __DLIB_PERTHREAD  inited   0x2001b894      0x4  errno.o [3]
    .data             inited   0x2001b898      0x2  svf10_util.o [1]
                             - 0x2001b89a  0x1b89a

"P2", part 2 of 3:                           0x600
  CSTACK                       0x2001b8a0    0x400  <Block>
    CSTACK            uninit   0x2001b8a0    0x400  <Block tail>
  HEAP                         0x2001bca0    0x200  <Block>
    HEAP              uninit   0x2001bca0    0x200  <Block tail>
                             - 0x2001bea0    0x600

"P2", part 3 of 3:                          0x13cc
  .bss                zero     0x2001bea0    0x400  svf10_util.o [1]
  .bss                zero     0x2001c2a0    0x400  svf10_util.o [1]
  .bss                zero     0x2001c6a0    0x3f0  usbd_conf.o [1]
  .bss                zero     0x2001ca90    0x224  usb_device.o [1]
  .bss                zero     0x2001ccb4    0x200  usbd_desc.o [1]
  .bss                zero     0x2001ceb4    0x1d8  dlmalloc.o [3]
  .bss                zero     0x2001d08c    0x180  svf10_util.o [1]
  .bss                zero     0x2001d20c     0x18  svf10_util.o [1]
  .bss                zero     0x2001d224     0x18  dlmalloc.o [3]
  .bss                zero     0x2001d23c     0x14  svf10_util.o [1]
  .bss                zero     0x2001d250      0x8  svf10_util.o [1]
  .bss                zero     0x2001d258      0x8  usbd_cdc_if.o [1]
  .bss                zero     0x2001d260      0x4  stm32f4xx_hal.o [1]
  .bss                zero     0x2001d264      0x4  xgetmemchunk.o [3]
  .bss                zero     0x2001d268      0x1  usbd_cdc.o [1]
  .bss                zero     0x2001d269      0x1  usbd_ctlreq.o [1]
                             - 0x2001d26a   0x13ca


*******************************************************************************
*** INIT TABLE
***

          Address     Size
          -------     ----
Zero (__iar_zero_init3)
    1 destination range, total size 0x13ca:
          0x2001bea0   0x13ca

Copy/lz77 (__iar_lz77_init_single3)
    1 source range, total size 0x2de3 (10% of destination):
          0x080068ec   0x2de3
    1 destination range, total size 0x1b89a:
          0x20000000  0x1b89a



*******************************************************************************
*** MODULE SUMMARY
***

    Module                  ro code  ro data  rw data
    ------                  -------  -------  -------
C:\My Project\SVF10\EWARM\SVF10-20170908\Obj: [1]
    main.o                    1 350   11 710  112 444
    startup_stm32f407xx.o       720
    stm32f4xx_hal.o             150                 4
    stm32f4xx_hal_cortex.o      222
    stm32f4xx_hal_dma.o          36
    stm32f4xx_hal_gpio.o        494
    stm32f4xx_hal_msp.o         280
    stm32f4xx_hal_pcd.o       2 032
    stm32f4xx_hal_pcd_ex.o       74
    stm32f4xx_hal_rcc.o       1 128
    stm32f4xx_hal_spi.o       1 410
    stm32f4xx_hal_uart.o      1 394
    stm32f4xx_it.o               56
    stm32f4xx_ll_usb.o        2 320
    svf10_util.o              3 678        1    2 486
    system_stm32f4xx.o           96        8        4
    usb_device.o                 56               548
    usbd_cdc.o                  542       29      273
    usbd_cdc_if.o                68        1       24
    usbd_conf.o                 662             1 008
    usbd_core.o                 620
    usbd_ctlreq.o               958                 1
    usbd_desc.o                 176        6      564
    usbd_ioreq.o                 98
    -------------------------------------------------
    Total:                   18 620   11 755  117 356

command line: [2]
    -------------------------------------------------
    Total:

dl7M_tlf.a: [3]
    abort.o                       6
    dlmalloc.o                5 364               496
    errno.o                      12                 4
    exit.o                        4
    low_level_init.o              4
    xgetmemchunk.o               44                 4
    xtls.o                        2
    -------------------------------------------------
    Total:                    5 436               504

m7M_tls.a: [4]
    DblAdd.o                    232
    DblCmpGe.o                   46
    DblDiv.o                    598
    DblMul.o                    418
    DblSub.o                    384
    DblToFlt.o                  144
    DblToI32.o                   76
    FltToDbl.o                   78
    I32ToDbl.o                   44
    fpinit_M.o                   34
    sqrt.o                      256
    -------------------------------------------------
    Total:                    2 310

rt7M_tl.a: [5]
    ABImemcpy_unaligned.o       118
    cexit.o                      10
    cmain.o                      26
    cstartup_M.o                 12
    data_init.o                  40
    iarEdom.o                    12
    lz77_init_single.o          120
    zero_init3.o                 64
    -------------------------------------------------
    Total:                      402

shb_l.a: [6]
    exit.o                       20
    -------------------------------------------------
    Total:                       20

    Gaps                         30        2
    Linker created                        32    1 536
-----------------------------------------------------
    Grand Total:             26 818   11 789  119 396


*******************************************************************************
*** ENTRY LIST
***

Entry                      Address    Size  Type      Object
-----                      -------    ----  ----      ------
.iar.init_table$$Base   0x08006740           --   Gb  - Linker created -
.iar.init_table$$Limit  0x08006760           --   Gb  - Linker created -
?main                   0x08006761          Code  Gb  cmain.o [5]
AHBPrescTable           0x08006618    0x10  Data  Gb  system_stm32f4xx.o [1]
APBPrescTable           0x080067ac     0x8  Data  Gb  system_stm32f4xx.o [1]
Bit_Shift               0x08001747     0xe  Code  Gb  svf10_util.o [1]
BusFault_Handler        0x080066b3     0x2  Code  Gb  stm32f4xx_it.o [1]
Byte_Order_Convert      0x0800172b    0x1c  Code  Gb  svf10_util.o [1]
CDC_Control_FS          0x08006649     0x4  Code  Lc  usbd_cdc_if.o [1]
CDC_DeInit_FS           0x08006645     0x4  Code  Lc  usbd_cdc_if.o [1]
CDC_Init_FS             0x08006629    0x1c  Code  Lc  usbd_cdc_if.o [1]
CDC_Receive_FS          0x0800664d    0x16  Code  Lc  usbd_cdc_if.o [1]
CSTACK$$Base            0x2001b8a0           --   Gb  - Linker created -
CSTACK$$Limit           0x2001bca0           --   Gb  - Linker created -
DebugMon_Handler        0x080066b9     0x2  Code  Gb  stm32f4xx_it.o [1]
EXTI4_IRQHandler        0x080066cb     0x6  Code  Gb  stm32f4xx_it.o [1]
Error_Handler           0x08005ac5     0x2  Code  Gb  main.o [1]
FS_Desc                 0x2001b860    0x1c  Data  Gb  usbd_desc.o [1]
HAL_DMA_Abort_IT        0x08003bdd    0x24  Code  Gb  stm32f4xx_hal_dma.o [1]
HAL_Delay               0x08002c97    0x1e  Code  Wk  stm32f4xx_hal.o [1]
HAL_GPIO_EXTI_Callback  0x08002c95     0x2  Code  Wk  stm32f4xx_hal_gpio.o [1]
HAL_GPIO_EXTI_IRQHandler
                        0x08002c55    0x10  Code  Gb  stm32f4xx_hal_gpio.o [1]
HAL_GPIO_Init           0x08002aa9   0x1a4  Code  Gb  stm32f4xx_hal_gpio.o [1]
HAL_GPIO_WritePin       0x08002c4d     0x8  Code  Gb  stm32f4xx_hal_gpio.o [1]
HAL_GetTick             0x08003bd1     0xc  Code  Wk  stm32f4xx_hal.o [1]
HAL_IncTick             0x080066e5    0x10  Code  Wk  stm32f4xx_hal.o [1]
HAL_Init                0x08005f31    0x30  Code  Gb  stm32f4xx_hal.o [1]
HAL_InitTick            0x08003ecd    0x28  Code  Wk  stm32f4xx_hal.o [1]
HAL_MspInit             0x08003ab9    0x60  Code  Gb  stm32f4xx_hal_msp.o [1]
HAL_NVIC_EnableIRQ      0x08003e5b     0xc  Code  Gb  stm32f4xx_hal_cortex.o [1]
HAL_NVIC_SetPriority    0x08003e21    0x3a  Code  Gb  stm32f4xx_hal_cortex.o [1]
HAL_NVIC_SetPriorityGrouping
                        0x08003e07    0x1a  Code  Gb  stm32f4xx_hal_cortex.o [1]
HAL_PCDEx_SetRxFiFo     0x08005b09     0x8  Code  Gb  stm32f4xx_hal_pcd_ex.o [1]
HAL_PCDEx_SetTxFiFo     0x08005ac7    0x42  Code  Gb  stm32f4xx_hal_pcd_ex.o [1]
HAL_PCD_ConnectCallback
                        0x08005119     0x8  Code  Gb  usbd_conf.o [1]
HAL_PCD_DataInStageCallback
                        0x0800509d    0x12  Code  Gb  usbd_conf.o [1]
HAL_PCD_DataOutStageCallback
                        0x08005089    0x14  Code  Gb  usbd_conf.o [1]
HAL_PCD_DisconnectCallback
                        0x08005121     0x8  Code  Gb  usbd_conf.o [1]
HAL_PCD_EP_Close        0x08004e21    0x2e  Code  Gb  stm32f4xx_hal_pcd.o [1]
HAL_PCD_EP_ClrStall     0x08004f3b    0x1e  Code  Gb  stm32f4xx_hal_pcd.o [1]
HAL_PCD_EP_GetRxCount   0x08004ea3    0x12  Code  Gb  stm32f4xx_hal_pcd.o [1]
HAL_PCD_EP_Open         0x08004dd3    0x4e  Code  Gb  stm32f4xx_hal_pcd.o [1]
HAL_PCD_EP_Receive      0x08004e6d    0x36  Code  Gb  stm32f4xx_hal_pcd.o [1]
HAL_PCD_EP_SetStall     0x08004ef7    0x2c  Code  Gb  stm32f4xx_hal_pcd.o [1]
HAL_PCD_EP_Transmit     0x08004eb5    0x32  Code  Gb  stm32f4xx_hal_pcd.o [1]
HAL_PCD_IRQHandler      0x080048dd   0x45a  Code  Gb  stm32f4xx_hal_pcd.o [1]
HAL_PCD_ISOINIncompleteCallback
                        0x08005111     0x8  Code  Gb  usbd_conf.o [1]
HAL_PCD_ISOOUTIncompleteCallback
                        0x08005109     0x8  Code  Gb  usbd_conf.o [1]
HAL_PCD_Init            0x08004815    0xa6  Code  Gb  stm32f4xx_hal_pcd.o [1]
HAL_PCD_MspInit         0x08005005    0x76  Code  Gb  usbd_conf.o [1]
HAL_PCD_ResetCallback   0x080050b7    0x20  Code  Gb  usbd_conf.o [1]
HAL_PCD_ResumeCallback  0x08005101     0x8  Code  Gb  usbd_conf.o [1]
HAL_PCD_SOFCallback     0x080050af     0x8  Code  Gb  usbd_conf.o [1]
HAL_PCD_SetAddress      0x08004db3    0x18  Code  Gb  stm32f4xx_hal_pcd.o [1]
HAL_PCD_SetupStageCallback
                        0x0800507b     0xe  Code  Gb  usbd_conf.o [1]
HAL_PCD_Start           0x080048c5    0x18  Code  Gb  stm32f4xx_hal_pcd.o [1]
HAL_PCD_SuspendCallback
                        0x080050d7    0x2a  Code  Gb  usbd_conf.o [1]
HAL_RCC_ClockConfig     0x08003c11   0x12a  Code  Gb  stm32f4xx_hal_rcc.o [1]
HAL_RCC_GetHCLKFreq     0x08003d49     0x6  Code  Gb  stm32f4xx_hal_rcc.o [1]
HAL_RCC_GetPCLK1Freq    0x08003d4f    0x10  Code  Gb  stm32f4xx_hal_rcc.o [1]
HAL_RCC_GetPCLK2Freq    0x08003d5f     0xe  Code  Gb  stm32f4xx_hal_rcc.o [1]
HAL_RCC_GetSysClockFreq
                        0x08003d8d    0x54  Code  Wk  stm32f4xx_hal_rcc.o [1]
HAL_RCC_OscConfig       0x08005fe9   0x298  Code  Wk  stm32f4xx_hal_rcc.o [1]
HAL_SPI_Init            0x08002525    0x76  Code  Gb  stm32f4xx_hal_spi.o [1]
HAL_SPI_MspInit         0x08003b19    0x46  Code  Gb  stm32f4xx_hal_msp.o [1]
HAL_SPI_Receive         0x080026c3   0x11e  Code  Gb  stm32f4xx_hal_spi.o [1]
HAL_SPI_Transmit        0x0800259b   0x128  Code  Gb  stm32f4xx_hal_spi.o [1]
HAL_SPI_TransmitReceive
                        0x080027e1   0x18e  Code  Gb  stm32f4xx_hal_spi.o [1]
HAL_SYSTICK_CLKSourceConfig
                        0x08003e97    0x14  Code  Gb  stm32f4xx_hal_cortex.o [1]
HAL_SYSTICK_Callback    0x08003ec9     0x2  Code  Wk  stm32f4xx_hal_cortex.o [1]
HAL_SYSTICK_Config      0x08003e6f    0x28  Code  Gb  stm32f4xx_hal_cortex.o [1]
HAL_SYSTICK_IRQHandler  0x08003ec5     0x4  Code  Gb  stm32f4xx_hal_cortex.o [1]
HAL_UART_ErrorCallback  0x08003c01     0x2  Code  Wk  stm32f4xx_hal_uart.o [1]
HAL_UART_IRQHandler     0x080030c7   0x14e  Code  Gb  stm32f4xx_hal_uart.o [1]
HAL_UART_Init           0x08002f39    0x28  Code  Gb  stm32f4xx_hal_uart.o [1]
HAL_UART_MspInit        0x08003b5f    0x58  Code  Gb  stm32f4xx_hal_msp.o [1]
HAL_UART_Receive_IT     0x0800305d    0x4a  Code  Gb  stm32f4xx_hal_uart.o [1]
HAL_UART_RxCpltCallback
                        0x08003c05     0xc  Code  Wk  stm32f4xx_hal_uart.o [1]
HAL_UART_Transmit       0x08002fa7    0xa0  Code  Gb  stm32f4xx_hal_uart.o [1]
HAL_UART_TxCpltCallback
                        0x08003c03     0x2  Code  Wk  stm32f4xx_hal_uart.o [1]
HEAP$$Base              0x2001bca0           --   Gb  - Linker created -
HEAP$$Limit             0x2001bea0           --   Gb  - Linker created -
HardFault_Handler       0x080066af     0x2  Code  Gb  stm32f4xx_it.o [1]
MX_USB_DEVICE_Init      0x08005f65    0x38  Code  Gb  usb_device.o [1]
MemManage_Handler       0x080066b1     0x2  Code  Gb  stm32f4xx_it.o [1]
NMI_Handler             0x080066ad     0x2  Code  Gb  stm32f4xx_it.o [1]
NVIC_SetPriority        0x08003ded    0x1a  Code  Lc  stm32f4xx_hal_cortex.o [1]
N_Capture_Frame         0x20004a56     0x2  Data  Gb  main.o [1]
OTG_FS_IRQHandler       0x080066d7     0x6  Code  Gb  stm32f4xx_it.o [1]
PCD_WriteEmptyTxFifo    0x08004f7b    0x8a  Code  Lc  stm32f4xx_hal_pcd.o [1]
PendSV_Handler          0x080066bb     0x2  Code  Gb  stm32f4xx_it.o [1]
Region$$Table$$Base     0x08006740           --   Gb  - Linker created -
Region$$Table$$Limit    0x08006760           --   Gb  - Linker created -
SPI_CheckFlag_BSY       0x08002a87    0x20  Code  Lc  stm32f4xx_hal_spi.o [1]
SPI_WaitFlagStateUntilTimeout
                        0x080029fd    0x8a  Code  Lc  stm32f4xx_hal_spi.o [1]
SVC_Handler             0x080066b7     0x2  Code  Gb  stm32f4xx_it.o [1]
SVF10_Capture_Offset    0x08001755    0x3e  Code  Gb  svf10_util.o [1]
SVF10_Chip_ID_Read      0x080016c5    0x62  Code  Gb  svf10_util.o [1]
SVF10_Memory_Read_Mode3
                        0x080017fb     0xe  Code  Gb  svf10_util.o [1]
SVF10_Memory_Read_Mode5
                        0x0800180b    0x26  Code  Gb  svf10_util.o [1]
SVF10_Send_Image        0x08001b8d    0x2c  Code  Gb  svf10_util.o [1]
SVF10_Sreg_Read_Creg_Set
                        0x0800186b    0x52  Code  Gb  svf10_util.o [1]
SVF10_Sreg_Set          0x080018e1    0x52  Code  Gb  svf10_util.o [1]
SVF10_Sreg_Set_For_Memread
                        0x08001961    0x44  Code  Gb  svf10_util.o [1]
SysTick_Handler         0x080066bd     0xe  Code  Gb  stm32f4xx_it.o [1]
SystemClock_Config      0x080059cb    0xae  Code  Gb  main.o [1]
SystemCoreClock         0x2001b73c     0x4  Data  Gb  system_stm32f4xx.o [1]
SystemInit              0x080065c9    0x3a  Code  Gb  system_stm32f4xx.o [1]
UART4_IRQHandler        0x080066d1     0x6  Code  Gb  stm32f4xx_it.o [1]
UART_DMAAbortOnError    0x08003289     0xc  Code  Lc  stm32f4xx_hal_uart.o [1]
UART_EndRxTransfer      0x0800326b    0x1c  Code  Lc  stm32f4xx_hal_uart.o [1]
UART_Receive_IT         0x08003295    0x88  Code  Lc  stm32f4xx_hal_uart.o [1]
UART_SetConfig          0x0800331d   0x13a  Code  Lc  stm32f4xx_hal_uart.o [1]
UART_WaitOnFlagUntilTimeout
                        0x08003215    0x56  Code  Lc  stm32f4xx_hal_uart.o [1]
USBD_CDC                0x2001b74c    0x38  Data  Gb  usbd_cdc.o [1]
USBD_CDC_CfgFSDesc      0x2001b7c8    0x44  Data  Gb  usbd_cdc.o [1]
USBD_CDC_CfgHSDesc      0x2001b784    0x44  Data  Gb  usbd_cdc.o [1]
USBD_CDC_DataIn         0x080063a9    0x14  Code  Lc  usbd_cdc.o [1]
USBD_CDC_DataOut        0x080063bd    0x30  Code  Lc  usbd_cdc.o [1]
USBD_CDC_DeInit         0x08006303    0x38  Code  Lc  usbd_cdc.o [1]
USBD_CDC_DeviceQualifierDesc
                        0x2001b740     0xc  Data  Lc  usbd_cdc.o [1]
USBD_CDC_EP0_RxReady    0x080063ed    0x2a  Code  Lc  usbd_cdc.o [1]
USBD_CDC_GetDeviceQualifierDescriptor
                        0x0800642f     0x8  Code  Gb  usbd_cdc.o [1]
USBD_CDC_GetFSCfgDesc   0x08006417     0x8  Code  Lc  usbd_cdc.o [1]
USBD_CDC_GetHSCfgDesc   0x0800641f     0x8  Code  Lc  usbd_cdc.o [1]
USBD_CDC_GetOtherSpeedCfgDesc
                        0x08006427     0x8  Code  Lc  usbd_cdc.o [1]
USBD_CDC_Init           0x08006281    0x78  Code  Lc  usbd_cdc.o [1]
USBD_CDC_OtherSpeedCfgDesc
                        0x2001b80c    0x44  Data  Gb  usbd_cdc.o [1]
USBD_CDC_ReceivePacket  0x08006479    0x26  Code  Gb  usbd_cdc.o [1]
USBD_CDC_RegisterInterface
                        0x0800644d     0xe  Code  Gb  usbd_cdc.o [1]
USBD_CDC_SetRxBuffer    0x0800646d     0xc  Code  Gb  usbd_cdc.o [1]
USBD_CDC_SetTxBuffer    0x0800645b    0x12  Code  Gb  usbd_cdc.o [1]
USBD_CDC_Setup          0x0800633b    0x6e  Code  Lc  usbd_cdc.o [1]
USBD_CDC_Setup::ifalt   0x2001d268     0x1  Data  Lc  usbd_cdc.o [1]
USBD_ClrClassConfig     0x0800536b     0xa  Code  Gb  usbd_core.o [1]
USBD_CtlContinueRx      0x08005f05     0x2  Code  Gb  usbd_ioreq.o [1]
USBD_CtlContinueSendData
                        0x08005ee1     0x2  Code  Gb  usbd_ioreq.o [1]
USBD_CtlError           0x08005e75    0x16  Code  Gb  usbd_ctlreq.o [1]
USBD_CtlPrepareRx       0x08005ef1    0x14  Code  Gb  usbd_ioreq.o [1]
USBD_CtlReceiveStatus   0x08005f23     0xe  Code  Gb  usbd_ioreq.o [1]
USBD_CtlSendData        0x08005ecf    0x12  Code  Gb  usbd_ioreq.o [1]
USBD_CtlSendStatus      0x08005f15     0xe  Code  Gb  usbd_ioreq.o [1]
USBD_FS_ConfigStrDescriptor
                        0x080064d9     0xa  Code  Gb  usbd_desc.o [1]
USBD_FS_DeviceDesc      0x2001b87c    0x14  Data  Gb  usbd_desc.o [1]
USBD_FS_DeviceDescriptor
                        0x080064a1     0x8  Code  Gb  usbd_desc.o [1]
USBD_FS_InterfaceStrDescriptor
                        0x080064e3     0xa  Code  Gb  usbd_desc.o [1]
USBD_FS_LangIDStrDescriptor
                        0x080064a9     0x8  Code  Gb  usbd_desc.o [1]
USBD_FS_ManufacturerStrDescriptor
                        0x080064bb     0x8  Code  Gb  usbd_desc.o [1]
USBD_FS_ProductStrDescriptor
                        0x080064b1     0xa  Code  Gb  usbd_desc.o [1]
USBD_FS_SerialStrDescriptor
                        0x080064cf     0xa  Code  Gb  usbd_desc.o [1]
USBD_GetDescriptor      0x08005d59    0xee  Code  Lc  usbd_ctlreq.o [1]
USBD_GetString          0x08005e8b    0x44  Code  Gb  usbd_ctlreq.o [1]
USBD_Init               0x08005313    0x28  Code  Gb  usbd_core.o [1]
USBD_Interface_fops_FS  0x2001b850    0x10  Data  Gb  usbd_cdc_if.o [1]
USBD_LL_ClearStallEP    0x0800520f    0x1a  Code  Gb  usbd_conf.o [1]
USBD_LL_CloseEP         0x080051db    0x1a  Code  Gb  usbd_conf.o [1]
USBD_LL_DataInStage     0x08005439    0x9e  Code  Gb  usbd_core.o [1]
USBD_LL_DataOutStage    0x080053cf    0x6a  Code  Gb  usbd_core.o [1]
USBD_LL_DevConnected    0x08005561     0x4  Code  Gb  usbd_core.o [1]
USBD_LL_DevDisconnected
                        0x08005565    0x14  Code  Gb  usbd_core.o [1]
USBD_LL_GetRxDataSize   0x08005293     0x8  Code  Gb  usbd_conf.o [1]
USBD_LL_Init            0x08005129    0x64  Code  Gb  usbd_conf.o [1]
USBD_LL_IsStallEP       0x08005229    0x1c  Code  Gb  usbd_conf.o [1]
USBD_LL_IsoINIncomplete
                        0x08005559     0x4  Code  Gb  usbd_core.o [1]
USBD_LL_IsoOUTIncomplete
                        0x0800555d     0x4  Code  Gb  usbd_core.o [1]
USBD_LL_OpenEP          0x080051bb    0x20  Code  Gb  usbd_conf.o [1]
USBD_LL_PrepareReceive  0x08005279    0x1a  Code  Gb  usbd_conf.o [1]
USBD_LL_Reset           0x080054d7    0x44  Code  Gb  usbd_core.o [1]
USBD_LL_Resume          0x0800552f     0x8  Code  Gb  usbd_core.o [1]
USBD_LL_SOF             0x0800553d    0x1c  Code  Gb  usbd_core.o [1]
USBD_LL_SetSpeed        0x0800551b     0x6  Code  Gb  usbd_core.o [1]
USBD_LL_SetUSBAddress   0x08005245    0x1a  Code  Gb  usbd_conf.o [1]
USBD_LL_SetupStage      0x08005375    0x5a  Code  Gb  usbd_core.o [1]
USBD_LL_StallEP         0x080051f5    0x1a  Code  Gb  usbd_conf.o [1]
USBD_LL_Start           0x080051a1    0x1a  Code  Gb  usbd_conf.o [1]
USBD_LL_Suspend         0x08005521     0xe  Code  Gb  usbd_core.o [1]
USBD_LL_Transmit        0x0800525f    0x1a  Code  Gb  usbd_conf.o [1]
USBD_LangIDDesc         0x2001b890     0x4  Data  Gb  usbd_desc.o [1]
USBD_ParseSetupRequest  0x08005e4d    0x28  Code  Gb  usbd_ctlreq.o [1]
USBD_RegisterClass      0x0800533b    0x10  Code  Gb  usbd_core.o [1]
USBD_SetClassConfig     0x08005355    0x16  Code  Gb  usbd_core.o [1]
USBD_SetConfig::cfgidx  0x2001d269     0x1  Data  Lc  usbd_ctlreq.o [1]
USBD_Start              0x0800534b     0xa  Code  Gb  usbd_core.o [1]
USBD_StdDevReq          0x08005b11   0x13e  Code  Gb  usbd_ctlreq.o [1]
USBD_StdEPReq           0x08005c89    0xc6  Code  Gb  usbd_ctlreq.o [1]
USBD_StdItfReq          0x08005c55    0x34  Code  Gb  usbd_ctlreq.o [1]
USBD_StrDesc            0x2001ccb4   0x200  Data  Gb  usbd_desc.o [1]
USB_ActivateEndpoint    0x0800412b    0x76  Code  Gb  stm32f4xx_ll_usb.o [1]
USB_ActivateSetup       0x08004761    0x2e  Code  Gb  stm32f4xx_ll_usb.o [1]
USB_CoreInit            0x08003f05    0x6e  Code  Gb  stm32f4xx_ll_usb.o [1]
USB_CoreReset           0x080047bf    0x2a  Code  Lc  stm32f4xx_ll_usb.o [1]
USB_DeactivateEndpoint  0x080041a1    0x5e  Code  Gb  stm32f4xx_ll_usb.o [1]
USB_DevConnect          0x080046db     0xe  Code  Gb  stm32f4xx_ll_usb.o [1]
USB_DevDisconnect       0x080046e9     0xc  Code  Gb  stm32f4xx_ll_usb.o [1]
USB_DevInit             0x08003fad   0x10c  Code  Gb  stm32f4xx_ll_usb.o [1]
USB_DisableGlobalInt    0x08003f7b     0x6  Code  Gb  stm32f4xx_ll_usb.o [1]
USB_EP0StartXfer        0x0800449b    0xe0  Code  Gb  stm32f4xx_ll_usb.o [1]
USB_EP0_OutStart        0x0800478f    0x30  Code  Gb  stm32f4xx_ll_usb.o [1]
USB_EPClearStall        0x08004665    0x5a  Code  Gb  stm32f4xx_ll_usb.o [1]
USB_EPSetStall          0x08004617    0x4e  Code  Gb  stm32f4xx_ll_usb.o [1]
USB_EPStartXfer         0x080042a3   0x1ce  Code  Gb  stm32f4xx_ll_usb.o [1]
USB_EnableGlobalInt     0x08003f73     0x8  Code  Gb  stm32f4xx_ll_usb.o [1]
USB_FlushRxFifo         0x080040d7    0x1a  Code  Gb  stm32f4xx_ll_usb.o [1]
USB_FlushTxFifo         0x080040b9    0x1e  Code  Gb  stm32f4xx_ll_usb.o [1]
USB_GetDevSpeed         0x080040f7    0x34  Code  Gb  stm32f4xx_ll_usb.o [1]
USB_GetMode             0x08004759     0x8  Code  Gb  stm32f4xx_ll_usb.o [1]
USB_ReadDevAllInEpInterrupt
                        0x08004717     0xe  Code  Gb  stm32f4xx_ll_usb.o [1]
USB_ReadDevAllOutEpInterrupt
                        0x08004709     0xe  Code  Gb  stm32f4xx_ll_usb.o [1]
USB_ReadDevInEPInterrupt
                        0x08004739    0x20  Code  Gb  stm32f4xx_ll_usb.o [1]
USB_ReadDevOutEPInterrupt
                        0x08004725    0x14  Code  Gb  stm32f4xx_ll_usb.o [1]
USB_ReadInterrupts      0x08004701     0x8  Code  Gb  stm32f4xx_ll_usb.o [1]
USB_ReadPacket          0x080045f9    0x1e  Code  Gb  stm32f4xx_ll_usb.o [1]
USB_SetCurrentMode      0x08003f87    0x26  Code  Gb  stm32f4xx_ll_usb.o [1]
USB_SetDevAddress       0x080046bf    0x12  Code  Gb  stm32f4xx_ll_usb.o [1]
USB_SetDevSpeed         0x080040f1     0x6  Code  Gb  stm32f4xx_ll_usb.o [1]
USB_WritePacket         0x080045d3    0x26  Code  Gb  stm32f4xx_ll_usb.o [1]
UsageFault_Handler      0x080066b5     0x2  Code  Gb  stm32f4xx_it.o [1]
UserRxBufferFS          0x2001d258     0x4  Data  Gb  usbd_cdc_if.o [1]
UserTxBufferFS          0x2001d25c     0x4  Data  Gb  usbd_cdc_if.o [1]
__aeabi_cdrcmple        0x08003909          Code  Gb  DblCmpGe.o [4]
__aeabi_d2f             0x08002d05          Code  Gb  DblToFlt.o [4]
__aeabi_d2iz            0x08005f9d          Code  Gb  DblToI32.o [4]
__aeabi_dadd            0x08003821          Code  Gb  DblAdd.o [4]
__aeabi_ddiv            0x0800359d          Code  Gb  DblDiv.o [4]
__aeabi_dmul            0x08002d95          Code  Gb  DblMul.o [4]
__aeabi_dsub            0x08003939          Code  Gb  DblSub.o [4]
__aeabi_errno_addr      0x08003ef5     0x6  Code  Gb  errno.o [3]
__aeabi_f2d             0x08002cb5          Code  Gb  FltToDbl.o [4]
__aeabi_i2d             0x080037f5          Code  Gb  I32ToDbl.o [4]
__cmain                 0x08006761          Code  Gb  cmain.o [5]
__data_GetMemChunk      0x08001685    0x2c  Code  Gb  xgetmemchunk.o [3]
__data_GetMemChunk::start
                        0x2001d264     0x4  Data  Lc  xgetmemchunk.o [3]
__exit                  0x080016b1    0x14  Code  Gb  exit.o [6]
__iar_Errno             0x2001b894     0x4  Data  Gb  errno.o [3]
__iar_d2uiz             0x08005fc9          Code  Gb  DblToI32.o [4]
__iar_dadd              0x08003835          Code  Gb  DblAdd.o [4]
__iar_data_init3        0x080066f5    0x28  Code  Gb  data_init.o [5]
__iar_dlfree            0x0800115b   0x51a  Code  Gb  dlmalloc.o [3]
__iar_dlib_perthread_access
                        0x08003f01     0x2  Code  Gb  xtls.o [3]
__iar_dlmalloc          0x08000ea5   0x2aa  Code  Gb  dlmalloc.o [3]
__iar_dsub              0x0800394d          Code  Gb  DblSub.o [4]
__iar_dsubStart         0x0800395f          Code  Gb  DblSub.o [4]
__iar_edom              0x08003de1          Code  Gb  iarEdom.o [5]
__iar_init_vfp          0x0800671d          Code  Gb  fpinit_M.o [4]
__iar_lz77_init_single3
                        0x08006551    0x78  Code  Gb  lz77_init_single.o [5]
__iar_program_start     0x080067a1          Code  Gb  cstartup_M.o [5]
__iar_sqrt              0x080034ad          Code  Gb  sqrt.o [4]
__iar_ui2d              0x08003809          Code  Gb  I32ToDbl.o [4]
__iar_unaligned___aeabi_memcpy
                        0x0800529d          Code  Gb  ABImemcpy_unaligned.o [5]
__iar_unaligned___aeabi_memcpy4
                        0x080052bd          Code  Gb  ABImemcpy_unaligned.o [5]
__iar_unaligned___aeabi_memcpy8
                        0x080052bd          Code  Gb  ABImemcpy_unaligned.o [5]
__iar_vfp_sqrt          0x0800349d          Code  Gb  sqrt.o [4]
__iar_vfp_sqrtl         0x0800349d          Code  Gb  sqrt.o [4]
__iar_zero_init3        0x0800666d    0x40  Code  Gb  zero_init3.o [5]
__low_level_init        0x0800677b     0x4  Code  Gb  low_level_init.o [3]
__vector_table          0x08000000          Data  Gb  startup_stm32f407xx.o [1]
_call_main              0x0800676d          Code  Gb  cmain.o [5]
_exit                   0x08006785          Code  Gb  cexit.o [5]
_gm_                    0x2001ceb4   0x1d8  Data  Lc  dlmalloc.o [3]
_main                   0x08006777          Code  Gb  cmain.o [5]
abort                   0x0800167d     0x6  Code  Gb  abort.o [3]
buffer_convert          0x08001bdf    0x2e  Code  Gb  svf10_util.o [1]
clean_result            0x08001c1b     0x4  Code  Gb  svf10_util.o [1]
coverage                0x20004af0     0x4  Data  Gb  main.o [1]
exit                    0x0800677f     0x4  Code  Gb  exit.o [3]
finger_coverage         0x08002381   0x166  Code  Gb  svf10_util.o [1]
hUsbDeviceFS            0x2001ca90   0x224  Data  Gb  usb_device.o [1]
hist_ep                 0x080019a9   0x17e  Code  Gb  svf10_util.o [1]
hpcd_USB_OTG_FS         0x2001c6a0   0x3f0  Data  Gb  usbd_conf.o [1]
hspi1                   0x20004a58    0x58  Data  Gb  main.o [1]
huart4                  0x20004ab0    0x40  Data  Gb  main.o [1]
image_convert           0x08001bb9    0x26  Code  Gb  svf10_util.o [1]
image_quality           0x08001c41    0xa2  Code  Gb  svf10_util.o [1]
init_mparams            0x080001a5    0x32  Code  Lc  dlmalloc.o [3]
init_top                0x080001d7    0x34  Code  Lc  dlmalloc.o [3]
main                    0x08005581   0x420  Code  Gb  main.o [1]
mparams                 0x2001d224    0x18  Data  Lc  dlmalloc.o [3]
noise_filter            0x080020dd   0x258  Code  Gb  svf10_util.o [1]
prepend_alloc           0x0800020b   0x372  Code  Lc  dlmalloc.o [3]
receive_end_flag        0x20000000     0x1  Data  Gb  main.o [1]
receive_try_flag        0x20000001     0x1  Data  Gb  main.o [1]
segment_holding         0x08000189    0x1c  Code  Lc  dlmalloc.o [3]
sqrt                    0x080034ad          Code  Gb  sqrt.o [4]
sqrtl                   0x080034ad          Code  Gb  sqrt.o [4]
svf10_average           0x2001d250     0x4  Data  Gb  svf10_util.o [1]
svf10_bitmap_header_data
                        0x20004af4  0x2838  Data  Gb  main.o [1]
svf10_capture_delay     0x20004a54     0x2  Data  Gb  main.o [1]
svf10_chip_id           0x2000732c     0x8  Data  Gb  main.o [1]
svf10_display_threshold
                        0x2001b898     0x2  Data  Gb  svf10_util.o [1]
svf10_histogram         0x2001bea0   0x400  Data  Gb  svf10_util.o [1]
svf10_histogram2        0x2001c2a0   0x400  Data  Gb  svf10_util.o [1]
svf10_image_data        0x2000733c  0x2400  Data  Gb  main.o [1]
svf10_l_aver            0x2001d08c   0x180  Data  Gb  svf10_util.o [1]
svf10_origine_buffer    0x20000004  0x2528  Data  Gb  main.o [1]
svf10_origine_offset    0x2000252c  0x2528  Data  Gb  main.o [1]
svf10_resister_frame    0x2001d23c    0x14  Data  Gb  svf10_util.o [1]
svf10_result_data       0x2000973c  0x9000  Data  Gb  main.o [1]
svf10_result_data2      0x2001273c  0x9000  Data  Gb  main.o [1]
svf10_status_buffer     0x20007334     0x8  Data  Gb  main.o [1]
svf10_std_dev           0x2001d254     0x4  Data  Gb  svf10_util.o [1]
sys_alloc               0x0800057d   0x388  Code  Lc  dlmalloc.o [3]
tmalloc_large           0x08000911   0x380  Code  Lc  dlmalloc.o [3]
tmalloc_small           0x08000c91   0x206  Code  Lc  dlmalloc.o [3]
uart_receive_frame      0x2001d20c    0x18  Data  Gb  svf10_util.o [1]
uniform_image_hor       0x08001dbd    0xd0  Code  Gb  svf10_util.o [1]
uniform_image_ver       0x08001ced    0xd0  Code  Gb  svf10_util.o [1]
uwTick                  0x2001d260     0x4  Data  Gb  stm32f4xx_hal.o [1]
wiener_filter           0x08001f49   0x186  Code  Gb  svf10_util.o [1]


[1] = C:\My Project\SVF10\EWARM\SVF10-20170908\Obj
[2] = command line
[3] = dl7M_tlf.a
[4] = m7M_tls.a
[5] = rt7M_tl.a
[6] = shb_l.a

   26 818 bytes of readonly  code memory
   11 789 bytes of readonly  data memory
  119 396 bytes of readwrite data memory

Errors: none
Warnings: none
